C:\Users\tsharma\OneDrive - The Descartes Systems Group Inc\Documents\workspace-spring-tools-for-eclipse-5.0.1.RELEASE\Maven\FinSecureApp\src\test\java\com\ds\app\controller\AssetControllerDeleteByAdminTest.java
C:\Users\tsharma\OneDrive - The Descartes Systems Group Inc\Documents\workspace-spring-tools-for-eclipse-5.0.1.RELEASE\Maven\FinSecureApp\src\test\java\com\ds\app\controller\AssetControllerGetIdExceptionTest.java
C:\Users\tsharma\OneDrive - The Descartes Systems Group Inc\Documents\workspace-spring-tools-for-eclipse-5.0.1.RELEASE\Maven\FinSecureApp\src\test\java\com\ds\app\controller\AssetControllerPaginatedTest.java
C:\Users\tsharma\OneDrive - The Descartes Systems Group Inc\Documents\workspace-spring-tools-for-eclipse-5.0.1.RELEASE\Maven\FinSecureApp\src\test\java\com\ds\app\controller\AssetControllerTest.java
C:\Users\tsharma\OneDrive - The Descartes Systems Group Inc\Documents\workspace-spring-tools-for-eclipse-5.0.1.RELEASE\Maven\FinSecureApp\src\test\java\com\ds\app\controller\AssetControllerTestById.java
C:\Users\tsharma\OneDrive - The Descartes Systems Group Inc\Documents\workspace-spring-tools-for-eclipse-5.0.1.RELEASE\Maven\FinSecureApp\src\test\java\com\ds\app\exception\GlobalExceptionHandlerTest.java
C:\Users\tsharma\OneDrive - The Descartes Systems Group Inc\Documents\workspace-spring-tools-for-eclipse-5.0.1.RELEASE\Maven\FinSecureApp\src\test\java\com\ds\app\FinSecureProjectApplicationTests.java
C:\Users\tsharma\OneDrive - The Descartes Systems Group Inc\Documents\workspace-spring-tools-for-eclipse-5.0.1.RELEASE\Maven\FinSecureApp\src\test\java\com\ds\app\service\AssetEscalationServiceTest.java
C:\Users\tsharma\OneDrive - The Descartes Systems Group Inc\Documents\workspace-spring-tools-for-eclipse-5.0.1.RELEASE\Maven\FinSecureApp\src\test\java\com\ds\app\service\AssetReportServiceTest.java
C:\Users\tsharma\OneDrive - The Descartes Systems Group Inc\Documents\workspace-spring-tools-for-eclipse-5.0.1.RELEASE\Maven\FinSecureApp\src\test\java\com\ds\app\service\AssetServiceTest.java
