C:\Users\tsharma\OneDrive - The Descartes Systems Group Inc\Documents\workspace-spring-tools-for-eclipse-5.0.1.RELEASE\Maven\FinSecureApp\src\test\java\com\ds\app\controller\AssetReportControllerTest.java
C:\Users\tsharma\OneDrive - The Descartes Systems Group Inc\Documents\workspace-spring-tools-for-eclipse-5.0.1.RELEASE\Maven\FinSecureApp\src\test\java\com\ds\app\dto\DTOAndExceptionTest.java
C:\Users\tsharma\OneDrive - The Descartes Systems Group Inc\Documents\workspace-spring-tools-for-eclipse-5.0.1.RELEASE\Maven\FinSecureApp\src\test\java\com\ds\app\dto\DTOSmokeTest.java
C:\Users\tsharma\OneDrive - The Descartes Systems Group Inc\Documents\workspace-spring-tools-for-eclipse-5.0.1.RELEASE\Maven\FinSecureApp\src\test\java\com\ds\app\entity\AssetEscalationEntityTest.java
C:\Users\tsharma\OneDrive - The Descartes Systems Group Inc\Documents\workspace-spring-tools-for-eclipse-5.0.1.RELEASE\Maven\FinSecureApp\src\test\java\com\ds\app\entity\EntityCoverageTest.java
C:\Users\tsharma\OneDrive - The Descartes Systems Group Inc\Documents\workspace-spring-tools-for-eclipse-5.0.1.RELEASE\Maven\FinSecureApp\src\test\java\com\ds\app\entity\EntitySmokeTest.java
C:\Users\tsharma\OneDrive - The Descartes Systems Group Inc\Documents\workspace-spring-tools-for-eclipse-5.0.1.RELEASE\Maven\FinSecureApp\src\test\java\com\ds\app\FinSecureProjectApplicationTests.java
C:\Users\tsharma\OneDrive - The Descartes Systems Group Inc\Documents\workspace-spring-tools-for-eclipse-5.0.1.RELEASE\Maven\FinSecureApp\src\test\java\com\ds\app\repository\AssetEscalationRepositoryTest.java
C:\Users\tsharma\OneDrive - The Descartes Systems Group Inc\Documents\workspace-spring-tools-for-eclipse-5.0.1.RELEASE\Maven\FinSecureApp\src\test\java\com\ds\app\service\AssetReportServiceDelegationTest.java
C:\Users\tsharma\OneDrive - The Descartes Systems Group Inc\Documents\workspace-spring-tools-for-eclipse-5.0.1.RELEASE\Maven\FinSecureApp\src\test\java\com\ds\app\service\AssetReportServiceTest.java
C:\Users\tsharma\OneDrive - The Descartes Systems Group Inc\Documents\workspace-spring-tools-for-eclipse-5.0.1.RELEASE\Maven\FinSecureApp\src\test\java\com\ds\app\service\AssetServiceEmptyTest.java
C:\Users\tsharma\OneDrive - The Descartes Systems Group Inc\Documents\workspace-spring-tools-for-eclipse-5.0.1.RELEASE\Maven\FinSecureApp\src\test\java\com\ds\app\service\AssetServiceTest.java
C:\Users\tsharma\OneDrive - The Descartes Systems Group Inc\Documents\workspace-spring-tools-for-eclipse-5.0.1.RELEASE\Maven\FinSecureApp\src\test\java\com\ds\app\service\AssetServiceTestGetAllAsset.java
