com\ds\app\controller\AssetAllocationController.class
com\ds\app\controller\AssetEscalationController.class
com\ds\app\dto\AllocateAssetRequestDTO.class
com\ds\app\exception\ResourceNotFoundException.class
com\ds\app\dto\SignUpUserResponseDTO.class
com\ds\app\repository\iAppUserRepository.class
com\ds\app\dto\LoginResponseDTO.class
com\ds\app\exception\BadRequestException.class
com\ds\app\service\impl\AssetEscalationServiceImpl.class
com\ds\app\entity\AssetIssue.class
com\ds\app\entity\AppUser.class
com\ds\app\security\SecurityConfig.class
com\ds\app\dto\AppUserRequestBodyDTO.class
com\ds\app\service\AssetUtilizationReportService.class
com\ds\app\config\AppDataSeeder.class
com\ds\app\enums\AllocationStatus.class
com\ds\app\dto\AssetSearchResultDTO.class
com\ds\app\controller\CommonController.class
com\ds\app\controller\FinanceController.class
com\ds\app\repository\AssetRepository.class
com\ds\app\dto\EmployeeAssetHoldingReportDTO.class
com\ds\app\controller\EmployeeController.class
com\ds\app\dto\AssetAllocationDTO.class
com\ds\app\service\AppUserService.class
com\ds\app\service\impl\AssetIssueServiceImpl.class
com\ds\app\service\impl\EmployeeReportServiceImpl.class
com\ds\app\config\OpenApiConfig.class
com\ds\app\repository\AssetIssueRepository.class
com\ds\app\exception\GlobalExceptionHandler.class
com\ds\app\dto\RaiseEscalationRequestDTO.class
com\ds\app\exception\ErrorResponse.class
com\ds\app\dto\AssetDTO.class
com\ds\app\security\JWTFilter.class
com\ds\app\dto\EscalationReportDTO.class
com\ds\app\dto\AssetUtilizationReportDTO.class
com\ds\app\FinSecureProjectApplication.class
com\ds\app\service\AssetService.class
com\ds\app\dto\LoginRequestDTO.class
com\ds\app\jwtutil\JWTUtil.class
com\ds\app\service\AssetSearchReportService.class
com\ds\app\enums\AssetStatus.class
com\ds\app\service\impl\AssetUtilizationReportServiceImpl.class
com\ds\app\service\AssetIssueService.class
com\ds\app\controller\HRController.class
com\ds\app\dto\JWTResponseDTO$JWTResponseDTOBuilder.class
com\ds\app\service\EscalatedAssetReportService.class
com\ds\app\controller\EscalatedAssetReportController.class
com\ds\app\repository\EmployeeRepository.class
com\ds\app\entity\AssetAllocation.class
com\ds\app\controller\SystemController.class
com\ds\app\dto\AssetIssueDTO.class
com\ds\app\entity\UserRole.class
com\ds\app\dto\AppUserRequestBodyDTO$AppUserRequestBodyDTOBuilder.class
com\ds\app\dto\EscalatedAssetReportDTO.class
com\ds\app\entity\AssetEscalation.class
com\ds\app\service\AssetAllocationService.class
com\ds\app\entity\MyUserDetails.class
com\ds\app\enums\IssueStatus.class
com\ds\app\dto\JWTResponseDTO.class
com\ds\app\entity\Employee.class
com\ds\app\service\AppUserServiceImpl.class
com\ds\app\controller\AdminController.class
com\ds\app\repository\AssetEscalationRepository.class
com\ds\app\service\impl\AssetServiceImpl.class
com\ds\app\service\MyUserDetailService.class
com\ds\app\enums\EscalationStatus.class
com\ds\app\service\impl\EscalatedAssetReportServiceImpl.class
com\ds\app\dto\EmployeeAssetHoldingReportDTO$HeldAssetDetail.class
com\ds\app\controller\ReportsController.class
com\ds\app\controller\EmployeeReportController.class
com\ds\app\entity\Asset.class
com\ds\app\service\AssetReportService.class
com\ds\app\controller\AssetReportController.class
com\ds\app\dto\AssetAvailabilityReportDTO.class
com\ds\app\controller\AssetController.class
com\ds\app\controller\AssetIssueController.class
com\ds\app\service\AssetEscalationService.class
com\ds\app\dto\AssetAvailabilityReportDTO$AllocationDetail.class
com\ds\app\service\impl\AssetReportServiceImpl.class
com\ds\app\controller\AssetSearchReportController.class
com\ds\app\service\EmployeeReportService.class
com\ds\app\controller\AssetUtilizationReportController.class
com\ds\app\dto\AssetEscalationDTO.class
com\ds\app\repository\AssetAllocationRepository.class
com\ds\app\dto\RaiseIssueRequestDTO.class
com\ds\app\security\CurrentUserUtil.class
com\ds\app\service\impl\AssetAllocationServiceImpl.class
com\ds\app\service\impl\AssetSearchReportServiceImpl.class
com\ds\app\dto\SignUpUserResponseDTO$SignUpUserResponseDTOBuilder.class
