C:\Users\tsharma\OneDrive - The Descartes Systems Group Inc\Documents\workspace-spring-tools-for-eclipse-5.0.1.RELEASE\Maven\FinSecureApp\src\main\java\com\ds\app\config\AppDataSeeder.java
C:\Users\tsharma\OneDrive - The Descartes Systems Group Inc\Documents\workspace-spring-tools-for-eclipse-5.0.1.RELEASE\Maven\FinSecureApp\src\main\java\com\ds\app\config\OpenApiConfig.java
C:\Users\tsharma\OneDrive - The Descartes Systems Group Inc\Documents\workspace-spring-tools-for-eclipse-5.0.1.RELEASE\Maven\FinSecureApp\src\main\java\com\ds\app\controller\AdminController.java
C:\Users\tsharma\OneDrive - The Descartes Systems Group Inc\Documents\workspace-spring-tools-for-eclipse-5.0.1.RELEASE\Maven\FinSecureApp\src\main\java\com\ds\app\controller\AssetAllocationController.java
C:\Users\tsharma\OneDrive - The Descartes Systems Group Inc\Documents\workspace-spring-tools-for-eclipse-5.0.1.RELEASE\Maven\FinSecureApp\src\main\java\com\ds\app\controller\AssetController.java
C:\Users\tsharma\OneDrive - The Descartes Systems Group Inc\Documents\workspace-spring-tools-for-eclipse-5.0.1.RELEASE\Maven\FinSecureApp\src\main\java\com\ds\app\controller\AssetEscalationController.java
C:\Users\tsharma\OneDrive - The Descartes Systems Group Inc\Documents\workspace-spring-tools-for-eclipse-5.0.1.RELEASE\Maven\FinSecureApp\src\main\java\com\ds\app\controller\AssetIssueController.java
C:\Users\tsharma\OneDrive - The Descartes Systems Group Inc\Documents\workspace-spring-tools-for-eclipse-5.0.1.RELEASE\Maven\FinSecureApp\src\main\java\com\ds\app\controller\AssetReportController.java
C:\Users\tsharma\OneDrive - The Descartes Systems Group Inc\Documents\workspace-spring-tools-for-eclipse-5.0.1.RELEASE\Maven\FinSecureApp\src\main\java\com\ds\app\controller\AssetSearchReportController.java
C:\Users\tsharma\OneDrive - The Descartes Systems Group Inc\Documents\workspace-spring-tools-for-eclipse-5.0.1.RELEASE\Maven\FinSecureApp\src\main\java\com\ds\app\controller\AssetUtilizationReportController.java
C:\Users\tsharma\OneDrive - The Descartes Systems Group Inc\Documents\workspace-spring-tools-for-eclipse-5.0.1.RELEASE\Maven\FinSecureApp\src\main\java\com\ds\app\controller\AuthController.java
C:\Users\tsharma\OneDrive - The Descartes Systems Group Inc\Documents\workspace-spring-tools-for-eclipse-5.0.1.RELEASE\Maven\FinSecureApp\src\main\java\com\ds\app\controller\CommonController.java
C:\Users\tsharma\OneDrive - The Descartes Systems Group Inc\Documents\workspace-spring-tools-for-eclipse-5.0.1.RELEASE\Maven\FinSecureApp\src\main\java\com\ds\app\controller\EmployeeController.java
C:\Users\tsharma\OneDrive - The Descartes Systems Group Inc\Documents\workspace-spring-tools-for-eclipse-5.0.1.RELEASE\Maven\FinSecureApp\src\main\java\com\ds\app\controller\EmployeeReportController.java
C:\Users\tsharma\OneDrive - The Descartes Systems Group Inc\Documents\workspace-spring-tools-for-eclipse-5.0.1.RELEASE\Maven\FinSecureApp\src\main\java\com\ds\app\controller\EscalatedAssetReportController.java
C:\Users\tsharma\OneDrive - The Descartes Systems Group Inc\Documents\workspace-spring-tools-for-eclipse-5.0.1.RELEASE\Maven\FinSecureApp\src\main\java\com\ds\app\controller\FinanceController.java
C:\Users\tsharma\OneDrive - The Descartes Systems Group Inc\Documents\workspace-spring-tools-for-eclipse-5.0.1.RELEASE\Maven\FinSecureApp\src\main\java\com\ds\app\controller\HRController.java
C:\Users\tsharma\OneDrive - The Descartes Systems Group Inc\Documents\workspace-spring-tools-for-eclipse-5.0.1.RELEASE\Maven\FinSecureApp\src\main\java\com\ds\app\controller\ReportsController.java
C:\Users\tsharma\OneDrive - The Descartes Systems Group Inc\Documents\workspace-spring-tools-for-eclipse-5.0.1.RELEASE\Maven\FinSecureApp\src\main\java\com\ds\app\controller\SystemController.java
C:\Users\tsharma\OneDrive - The Descartes Systems Group Inc\Documents\workspace-spring-tools-for-eclipse-5.0.1.RELEASE\Maven\FinSecureApp\src\main\java\com\ds\app\dto\AllocateAssetRequestDTO.java
C:\Users\tsharma\OneDrive - The Descartes Systems Group Inc\Documents\workspace-spring-tools-for-eclipse-5.0.1.RELEASE\Maven\FinSecureApp\src\main\java\com\ds\app\dto\AppUserRequestBodyDTO.java
C:\Users\tsharma\OneDrive - The Descartes Systems Group Inc\Documents\workspace-spring-tools-for-eclipse-5.0.1.RELEASE\Maven\FinSecureApp\src\main\java\com\ds\app\dto\AssetAllocationDTO.java
C:\Users\tsharma\OneDrive - The Descartes Systems Group Inc\Documents\workspace-spring-tools-for-eclipse-5.0.1.RELEASE\Maven\FinSecureApp\src\main\java\com\ds\app\dto\AssetAvailabilityReportDTO.java
C:\Users\tsharma\OneDrive - The Descartes Systems Group Inc\Documents\workspace-spring-tools-for-eclipse-5.0.1.RELEASE\Maven\FinSecureApp\src\main\java\com\ds\app\dto\AssetDTO.java
C:\Users\tsharma\OneDrive - The Descartes Systems Group Inc\Documents\workspace-spring-tools-for-eclipse-5.0.1.RELEASE\Maven\FinSecureApp\src\main\java\com\ds\app\dto\AssetEscalationDTO.java
C:\Users\tsharma\OneDrive - The Descartes Systems Group Inc\Documents\workspace-spring-tools-for-eclipse-5.0.1.RELEASE\Maven\FinSecureApp\src\main\java\com\ds\app\dto\AssetIssueDTO.java
C:\Users\tsharma\OneDrive - The Descartes Systems Group Inc\Documents\workspace-spring-tools-for-eclipse-5.0.1.RELEASE\Maven\FinSecureApp\src\main\java\com\ds\app\dto\AssetSearchResultDTO.java
C:\Users\tsharma\OneDrive - The Descartes Systems Group Inc\Documents\workspace-spring-tools-for-eclipse-5.0.1.RELEASE\Maven\FinSecureApp\src\main\java\com\ds\app\dto\AssetUtilizationReportDTO.java
C:\Users\tsharma\OneDrive - The Descartes Systems Group Inc\Documents\workspace-spring-tools-for-eclipse-5.0.1.RELEASE\Maven\FinSecureApp\src\main\java\com\ds\app\dto\EmployeeAssetHoldingReportDTO.java
C:\Users\tsharma\OneDrive - The Descartes Systems Group Inc\Documents\workspace-spring-tools-for-eclipse-5.0.1.RELEASE\Maven\FinSecureApp\src\main\java\com\ds\app\dto\EscalatedAssetReportDTO.java
C:\Users\tsharma\OneDrive - The Descartes Systems Group Inc\Documents\workspace-spring-tools-for-eclipse-5.0.1.RELEASE\Maven\FinSecureApp\src\main\java\com\ds\app\dto\EscalationReportDTO.java
C:\Users\tsharma\OneDrive - The Descartes Systems Group Inc\Documents\workspace-spring-tools-for-eclipse-5.0.1.RELEASE\Maven\FinSecureApp\src\main\java\com\ds\app\dto\JWTResponseDTO.java
C:\Users\tsharma\OneDrive - The Descartes Systems Group Inc\Documents\workspace-spring-tools-for-eclipse-5.0.1.RELEASE\Maven\FinSecureApp\src\main\java\com\ds\app\dto\LoginRequestDTO.java
C:\Users\tsharma\OneDrive - The Descartes Systems Group Inc\Documents\workspace-spring-tools-for-eclipse-5.0.1.RELEASE\Maven\FinSecureApp\src\main\java\com\ds\app\dto\LoginResponseDTO.java
C:\Users\tsharma\OneDrive - The Descartes Systems Group Inc\Documents\workspace-spring-tools-for-eclipse-5.0.1.RELEASE\Maven\FinSecureApp\src\main\java\com\ds\app\dto\RaiseEscalationRequestDTO.java
C:\Users\tsharma\OneDrive - The Descartes Systems Group Inc\Documents\workspace-spring-tools-for-eclipse-5.0.1.RELEASE\Maven\FinSecureApp\src\main\java\com\ds\app\dto\RaiseIssueRequestDTO.java
C:\Users\tsharma\OneDrive - The Descartes Systems Group Inc\Documents\workspace-spring-tools-for-eclipse-5.0.1.RELEASE\Maven\FinSecureApp\src\main\java\com\ds\app\dto\SignUpUserResponseDTO.java
C:\Users\tsharma\OneDrive - The Descartes Systems Group Inc\Documents\workspace-spring-tools-for-eclipse-5.0.1.RELEASE\Maven\FinSecureApp\src\main\java\com\ds\app\entity\AppUser.java
C:\Users\tsharma\OneDrive - The Descartes Systems Group Inc\Documents\workspace-spring-tools-for-eclipse-5.0.1.RELEASE\Maven\FinSecureApp\src\main\java\com\ds\app\entity\Asset.java
C:\Users\tsharma\OneDrive - The Descartes Systems Group Inc\Documents\workspace-spring-tools-for-eclipse-5.0.1.RELEASE\Maven\FinSecureApp\src\main\java\com\ds\app\entity\AssetAllocation.java
C:\Users\tsharma\OneDrive - The Descartes Systems Group Inc\Documents\workspace-spring-tools-for-eclipse-5.0.1.RELEASE\Maven\FinSecureApp\src\main\java\com\ds\app\entity\AssetEscalation.java
C:\Users\tsharma\OneDrive - The Descartes Systems Group Inc\Documents\workspace-spring-tools-for-eclipse-5.0.1.RELEASE\Maven\FinSecureApp\src\main\java\com\ds\app\entity\AssetIssue.java
C:\Users\tsharma\OneDrive - The Descartes Systems Group Inc\Documents\workspace-spring-tools-for-eclipse-5.0.1.RELEASE\Maven\FinSecureApp\src\main\java\com\ds\app\entity\Employee.java
C:\Users\tsharma\OneDrive - The Descartes Systems Group Inc\Documents\workspace-spring-tools-for-eclipse-5.0.1.RELEASE\Maven\FinSecureApp\src\main\java\com\ds\app\entity\MyUserDetails.java
C:\Users\tsharma\OneDrive - The Descartes Systems Group Inc\Documents\workspace-spring-tools-for-eclipse-5.0.1.RELEASE\Maven\FinSecureApp\src\main\java\com\ds\app\entity\UserRole.java
C:\Users\tsharma\OneDrive - The Descartes Systems Group Inc\Documents\workspace-spring-tools-for-eclipse-5.0.1.RELEASE\Maven\FinSecureApp\src\main\java\com\ds\app\enums\AllocationStatus.java
C:\Users\tsharma\OneDrive - The Descartes Systems Group Inc\Documents\workspace-spring-tools-for-eclipse-5.0.1.RELEASE\Maven\FinSecureApp\src\main\java\com\ds\app\enums\AssetStatus.java
C:\Users\tsharma\OneDrive - The Descartes Systems Group Inc\Documents\workspace-spring-tools-for-eclipse-5.0.1.RELEASE\Maven\FinSecureApp\src\main\java\com\ds\app\enums\EscalationStatus.java
C:\Users\tsharma\OneDrive - The Descartes Systems Group Inc\Documents\workspace-spring-tools-for-eclipse-5.0.1.RELEASE\Maven\FinSecureApp\src\main\java\com\ds\app\enums\IssueStatus.java
C:\Users\tsharma\OneDrive - The Descartes Systems Group Inc\Documents\workspace-spring-tools-for-eclipse-5.0.1.RELEASE\Maven\FinSecureApp\src\main\java\com\ds\app\exception\BadRequestException.java
C:\Users\tsharma\OneDrive - The Descartes Systems Group Inc\Documents\workspace-spring-tools-for-eclipse-5.0.1.RELEASE\Maven\FinSecureApp\src\main\java\com\ds\app\exception\ErrorResponse.java
C:\Users\tsharma\OneDrive - The Descartes Systems Group Inc\Documents\workspace-spring-tools-for-eclipse-5.0.1.RELEASE\Maven\FinSecureApp\src\main\java\com\ds\app\exception\GlobalExceptionHandler.java
C:\Users\tsharma\OneDrive - The Descartes Systems Group Inc\Documents\workspace-spring-tools-for-eclipse-5.0.1.RELEASE\Maven\FinSecureApp\src\main\java\com\ds\app\exception\ResourceNotFoundException.java
C:\Users\tsharma\OneDrive - The Descartes Systems Group Inc\Documents\workspace-spring-tools-for-eclipse-5.0.1.RELEASE\Maven\FinSecureApp\src\main\java\com\ds\app\FinSecureProjectApplication.java
C:\Users\tsharma\OneDrive - The Descartes Systems Group Inc\Documents\workspace-spring-tools-for-eclipse-5.0.1.RELEASE\Maven\FinSecureApp\src\main\java\com\ds\app\jwtutil\JWTUtil.java
C:\Users\tsharma\OneDrive - The Descartes Systems Group Inc\Documents\workspace-spring-tools-for-eclipse-5.0.1.RELEASE\Maven\FinSecureApp\src\main\java\com\ds\app\repository\AssetAllocationRepository.java
C:\Users\tsharma\OneDrive - The Descartes Systems Group Inc\Documents\workspace-spring-tools-for-eclipse-5.0.1.RELEASE\Maven\FinSecureApp\src\main\java\com\ds\app\repository\AssetEscalationRepository.java
C:\Users\tsharma\OneDrive - The Descartes Systems Group Inc\Documents\workspace-spring-tools-for-eclipse-5.0.1.RELEASE\Maven\FinSecureApp\src\main\java\com\ds\app\repository\AssetIssueRepository.java
C:\Users\tsharma\OneDrive - The Descartes Systems Group Inc\Documents\workspace-spring-tools-for-eclipse-5.0.1.RELEASE\Maven\FinSecureApp\src\main\java\com\ds\app\repository\AssetRepository.java
C:\Users\tsharma\OneDrive - The Descartes Systems Group Inc\Documents\workspace-spring-tools-for-eclipse-5.0.1.RELEASE\Maven\FinSecureApp\src\main\java\com\ds\app\repository\EmployeeRepository.java
C:\Users\tsharma\OneDrive - The Descartes Systems Group Inc\Documents\workspace-spring-tools-for-eclipse-5.0.1.RELEASE\Maven\FinSecureApp\src\main\java\com\ds\app\repository\iAppUserRepository.java
C:\Users\tsharma\OneDrive - The Descartes Systems Group Inc\Documents\workspace-spring-tools-for-eclipse-5.0.1.RELEASE\Maven\FinSecureApp\src\main\java\com\ds\app\security\CurrentUserUtil.java
C:\Users\tsharma\OneDrive - The Descartes Systems Group Inc\Documents\workspace-spring-tools-for-eclipse-5.0.1.RELEASE\Maven\FinSecureApp\src\main\java\com\ds\app\security\JWTFilter.java
C:\Users\tsharma\OneDrive - The Descartes Systems Group Inc\Documents\workspace-spring-tools-for-eclipse-5.0.1.RELEASE\Maven\FinSecureApp\src\main\java\com\ds\app\security\SecurityConfig.java
C:\Users\tsharma\OneDrive - The Descartes Systems Group Inc\Documents\workspace-spring-tools-for-eclipse-5.0.1.RELEASE\Maven\FinSecureApp\src\main\java\com\ds\app\service\AppUserService.java
C:\Users\tsharma\OneDrive - The Descartes Systems Group Inc\Documents\workspace-spring-tools-for-eclipse-5.0.1.RELEASE\Maven\FinSecureApp\src\main\java\com\ds\app\service\AppUserServiceImpl.java
C:\Users\tsharma\OneDrive - The Descartes Systems Group Inc\Documents\workspace-spring-tools-for-eclipse-5.0.1.RELEASE\Maven\FinSecureApp\src\main\java\com\ds\app\service\AssetAllocationService.java
C:\Users\tsharma\OneDrive - The Descartes Systems Group Inc\Documents\workspace-spring-tools-for-eclipse-5.0.1.RELEASE\Maven\FinSecureApp\src\main\java\com\ds\app\service\AssetEscalationService.java
C:\Users\tsharma\OneDrive - The Descartes Systems Group Inc\Documents\workspace-spring-tools-for-eclipse-5.0.1.RELEASE\Maven\FinSecureApp\src\main\java\com\ds\app\service\AssetIssueService.java
C:\Users\tsharma\OneDrive - The Descartes Systems Group Inc\Documents\workspace-spring-tools-for-eclipse-5.0.1.RELEASE\Maven\FinSecureApp\src\main\java\com\ds\app\service\AssetReportService.java
C:\Users\tsharma\OneDrive - The Descartes Systems Group Inc\Documents\workspace-spring-tools-for-eclipse-5.0.1.RELEASE\Maven\FinSecureApp\src\main\java\com\ds\app\service\AssetSearchReportService.java
C:\Users\tsharma\OneDrive - The Descartes Systems Group Inc\Documents\workspace-spring-tools-for-eclipse-5.0.1.RELEASE\Maven\FinSecureApp\src\main\java\com\ds\app\service\AssetService.java
C:\Users\tsharma\OneDrive - The Descartes Systems Group Inc\Documents\workspace-spring-tools-for-eclipse-5.0.1.RELEASE\Maven\FinSecureApp\src\main\java\com\ds\app\service\AssetUtilizationReportService.java
C:\Users\tsharma\OneDrive - The Descartes Systems Group Inc\Documents\workspace-spring-tools-for-eclipse-5.0.1.RELEASE\Maven\FinSecureApp\src\main\java\com\ds\app\service\EmployeeReportService.java
C:\Users\tsharma\OneDrive - The Descartes Systems Group Inc\Documents\workspace-spring-tools-for-eclipse-5.0.1.RELEASE\Maven\FinSecureApp\src\main\java\com\ds\app\service\EscalatedAssetReportService.java
C:\Users\tsharma\OneDrive - The Descartes Systems Group Inc\Documents\workspace-spring-tools-for-eclipse-5.0.1.RELEASE\Maven\FinSecureApp\src\main\java\com\ds\app\service\impl\AssetAllocationServiceImpl.java
C:\Users\tsharma\OneDrive - The Descartes Systems Group Inc\Documents\workspace-spring-tools-for-eclipse-5.0.1.RELEASE\Maven\FinSecureApp\src\main\java\com\ds\app\service\impl\AssetEscalationServiceImpl.java
C:\Users\tsharma\OneDrive - The Descartes Systems Group Inc\Documents\workspace-spring-tools-for-eclipse-5.0.1.RELEASE\Maven\FinSecureApp\src\main\java\com\ds\app\service\impl\AssetIssueServiceImpl.java
C:\Users\tsharma\OneDrive - The Descartes Systems Group Inc\Documents\workspace-spring-tools-for-eclipse-5.0.1.RELEASE\Maven\FinSecureApp\src\main\java\com\ds\app\service\impl\AssetReportServiceImpl.java
C:\Users\tsharma\OneDrive - The Descartes Systems Group Inc\Documents\workspace-spring-tools-for-eclipse-5.0.1.RELEASE\Maven\FinSecureApp\src\main\java\com\ds\app\service\impl\AssetSearchReportServiceImpl.java
C:\Users\tsharma\OneDrive - The Descartes Systems Group Inc\Documents\workspace-spring-tools-for-eclipse-5.0.1.RELEASE\Maven\FinSecureApp\src\main\java\com\ds\app\service\impl\AssetServiceImpl.java
C:\Users\tsharma\OneDrive - The Descartes Systems Group Inc\Documents\workspace-spring-tools-for-eclipse-5.0.1.RELEASE\Maven\FinSecureApp\src\main\java\com\ds\app\service\impl\AssetUtilizationReportServiceImpl.java
C:\Users\tsharma\OneDrive - The Descartes Systems Group Inc\Documents\workspace-spring-tools-for-eclipse-5.0.1.RELEASE\Maven\FinSecureApp\src\main\java\com\ds\app\service\impl\EmployeeReportServiceImpl.java
C:\Users\tsharma\OneDrive - The Descartes Systems Group Inc\Documents\workspace-spring-tools-for-eclipse-5.0.1.RELEASE\Maven\FinSecureApp\src\main\java\com\ds\app\service\impl\EscalatedAssetReportServiceImpl.java
C:\Users\tsharma\OneDrive - The Descartes Systems Group Inc\Documents\workspace-spring-tools-for-eclipse-5.0.1.RELEASE\Maven\FinSecureApp\src\main\java\com\ds\app\service\MyUserDetailService.java
